2025-05-08 01:07:34.269 [info] Extension host with pid 57042 started
2025-05-08 01:07:34.270 [error] Error: EEXIST: file already exists, open '/home/anthonyramosmontoya/.codeoss/data/User/workspaceStorage/6b638047/vscode.lock'
2025-05-08 01:07:34.275 [info] Lock '/home/anthonyramosmontoya/.codeoss/data/User/workspaceStorage/6b638047/vscode.lock': Could not acquire lock, checking if the file is stale.
2025-05-08 01:07:34.282 [info] Lock '/home/anthonyramosmontoya/.codeoss/data/User/workspaceStorage/6b638047/vscode.lock': The lock does not look stale, elapsed: 300 ms, giving up.
2025-05-08 01:07:34.293 [info] Lock '/home/anthonyramosmontoya/.codeoss/data/User/workspaceStorage/6b638047-1/vscode.lock': Lock acquired.
2025-05-08 01:07:34.576 [info] ExtensionService#_doActivateExtension vscode.emmet, startup: false, activationEvent: 'onLanguage'
2025-05-08 01:07:34.578 [info] ExtensionService#_doActivateExtension vscode.html-language-features, startup: false, activationEvent: 'onLanguage:html'
2025-05-08 01:07:35.567 [info] ExtensionService#_doActivateExtension vscode.git-base, startup: true, activationEvent: '*', root cause: vscode.git
2025-05-08 01:07:35.584 [info] ExtensionService#_doActivateExtension google.cloud-shell, startup: false, activationEvent: 'onTerminalProfile:cloudshell.default'
2025-05-08 01:07:35.727 [info] ExtensionService#_doActivateExtension vscode.git, startup: true, activationEvent: '*'
2025-05-08 01:07:35.728 [info] ExtensionService#_doActivateExtension vscode.github, startup: true, activationEvent: '*'
2025-05-08 01:07:36.191 [info] ExtensionService#_doActivateExtension vscode.configuration-editing, startup: false, activationEvent: 'onLanguage:jsonc'
2025-05-08 01:07:36.191 [info] ExtensionService#_doActivateExtension vscode.json-language-features, startup: false, activationEvent: 'onLanguage:jsonc'
2025-05-08 01:07:36.192 [info] ExtensionService#_doActivateExtension vscode.typescript-language-features, startup: false, activationEvent: 'onLanguage:jsonc'
2025-05-08 01:07:36.613 [info] Eager extensions activated
2025-05-08 01:07:36.614 [info] ExtensionService#_doActivateExtension EditorConfig.EditorConfig, startup: false, activationEvent: 'onStartupFinished'
2025-05-08 01:07:36.615 [info] ExtensionService#_doActivateExtension google.geminicodeassist, startup: false, activationEvent: 'onStartupFinished', root cause: googlecloudtools.cloudcode
2025-05-08 01:07:36.615 [info] ExtensionService#_doActivateExtension vscode.debug-auto-launch, startup: false, activationEvent: 'onStartupFinished'
2025-05-08 01:07:36.616 [info] ExtensionService#_doActivateExtension vscode.merge-conflict, startup: false, activationEvent: 'onStartupFinished'
2025-05-08 01:07:38.784 [info] ExtensionService#_doActivateExtension vscode.github-authentication, startup: false, activationEvent: 'onAuthenticationRequest:github'
2025-05-08 01:07:39.689 [info] ExtensionService#_doActivateExtension googlecloudtools.cloudcode, startup: false, activationEvent: 'onStartupFinished'
