2025-05-07 23:16:04.792 [info] [main] Log level: Info
2025-05-07 23:16:04.792 [info] [main] Validating found git in: "git"
2025-05-07 23:16:04.792 [info] [main] Using git "2.43.0" from "git"
2025-05-07 23:16:04.792 [info] [Model][doInitialScan] Initial repository scan started
2025-05-07 23:16:04.792 [info] > git rev-parse --show-toplevel [12ms]
2025-05-07 23:16:04.792 [info] fatal: not a git repository (or any parent up to mount point /)
Stopping at filesystem boundary (GIT_DISCOVERY_ACROSS_FILESYSTEM not set).
2025-05-07 23:16:04.792 [info] > git rev-parse --show-toplevel [5ms]
2025-05-07 23:16:04.792 [info] fatal: not a git repository (or any parent up to mount point /)
Stopping at filesystem boundary (GIT_DISCOVERY_ACROSS_FILESYSTEM not set).
2025-05-07 23:16:04.792 [info] > git rev-parse --show-toplevel [3ms]
2025-05-07 23:16:04.792 [info] fatal: not a git repository (or any parent up to mount point /)
Stopping at filesystem boundary (GIT_DISCOVERY_ACROSS_FILESYSTEM not set).
2025-05-07 23:16:04.792 [info] > git rev-parse --show-toplevel [3ms]
2025-05-07 23:16:04.792 [info] fatal: not a git repository (or any parent up to mount point /)
Stopping at filesystem boundary (GIT_DISCOVERY_ACROSS_FILESYSTEM not set).
2025-05-07 23:16:04.792 [info] > git rev-parse --show-toplevel [3ms]
2025-05-07 23:16:04.792 [info] fatal: not a git repository (or any parent up to mount point /)
Stopping at filesystem boundary (GIT_DISCOVERY_ACROSS_FILESYSTEM not set).
2025-05-07 23:16:04.792 [info] > git rev-parse --show-toplevel [4ms]
2025-05-07 23:16:04.792 [info] fatal: not a git repository (or any parent up to mount point /)
Stopping at filesystem boundary (GIT_DISCOVERY_ACROSS_FILESYSTEM not set).
2025-05-07 23:16:04.792 [info] > git rev-parse --show-toplevel [4ms]
2025-05-07 23:16:04.792 [info] fatal: not a git repository (or any parent up to mount point /)
Stopping at filesystem boundary (GIT_DISCOVERY_ACROSS_FILESYSTEM not set).
2025-05-07 23:16:04.794 [info] > git rev-parse --show-toplevel [4ms]
2025-05-07 23:16:04.794 [info] fatal: not a git repository (or any parent up to mount point /)
Stopping at filesystem boundary (GIT_DISCOVERY_ACROSS_FILESYSTEM not set).
2025-05-07 23:16:04.805 [info] > git rev-parse --show-toplevel [3ms]
2025-05-07 23:16:04.805 [info] fatal: not a git repository (or any parent up to mount point /)
Stopping at filesystem boundary (GIT_DISCOVERY_ACROSS_FILESYSTEM not set).
2025-05-07 23:16:04.806 [info] [Model][doInitialScan] Initial repository scan completed - repositories (0), closed repositories (0), parent repositories (0), unsafe repositories (0)
