2025-05-07 23:32:34.427 [info] [main] Log level: Info
2025-05-07 23:32:34.427 [info] [main] Validating found git in: "git"
2025-05-07 23:32:34.427 [info] [main] Using git "2.43.0" from "git"
2025-05-07 23:32:34.427 [info] [Model][doInitialScan] Initial repository scan started
2025-05-07 23:32:34.427 [info] > git rev-parse --show-toplevel [3ms]
2025-05-07 23:32:34.427 [info] > git rev-parse --git-dir --git-common-dir [3ms]
2025-05-07 23:32:34.427 [info] [Model][openRepository] Opened repository: /home/anthonyramosmontoya
2025-05-07 23:32:34.427 [info] > git rev-parse --show-toplevel [13ms]
2025-05-07 23:32:34.427 [info] > git config --get commit.template [24ms]
2025-05-07 23:32:34.427 [info] > git for-each-ref --format=%(refname)%00%(upstream:short)%00%(objectname)%00%(upstream:track)%00%(upstream:remotename)%00%(upstream:remoteref) refs/heads/main refs/remotes/main [5ms]
2025-05-07 23:32:34.427 [warning] [Git][getBranch] No such branch: main
2025-05-07 23:32:34.427 [info] > git rev-parse --show-toplevel [21ms]
2025-05-07 23:32:34.427 [info] > git status -z -uall [45ms]
2025-05-07 23:32:34.427 [info] > git for-each-ref --sort -committerdate --format %(refname) %(objectname) %(*objectname) [52ms]
2025-05-07 23:32:34.438 [info] > git for-each-ref --format=%(refname)%00%(upstream:short)%00%(objectname)%00%(upstream:track)%00%(upstream:remotename)%00%(upstream:remoteref) refs/heads/main refs/remotes/main [15ms]
2025-05-07 23:32:34.438 [warning] [Git][getBranch] No such branch: main
2025-05-07 23:32:34.439 [error] [GitHistoryProvider][resolveHEADMergeBase] Failed to resolve merge base for main: Error: No such branch: main.
2025-05-07 23:32:34.440 [info] > git rev-parse --show-toplevel [76ms]
2025-05-07 23:32:34.446 [info] > git config --get commit.template [15ms]
2025-05-07 23:32:36.383 [info] > git check-ignore -v -z --stdin [92ms]
2025-05-07 23:32:36.385 [info] > git rev-parse --show-toplevel [1941ms]
2025-05-07 23:32:36.471 [info] > git for-each-ref --format=%(refname)%00%(upstream:short)%00%(objectname)%00%(upstream:track)%00%(upstream:remotename)%00%(upstream:remoteref) refs/heads/main refs/remotes/main [175ms]
2025-05-07 23:32:36.471 [warning] [Git][getBranch] No such branch: main
2025-05-07 23:32:36.517 [info] > git status -z -uall [42ms]
2025-05-07 23:32:36.518 [info] > git rev-parse --show-toplevel [126ms]
2025-05-07 23:32:36.527 [info] > git for-each-ref --sort -committerdate --format %(refname) %(objectname) %(*objectname) [46ms]
2025-05-07 23:32:36.539 [info] > git rev-parse --show-toplevel [16ms]
2025-05-07 23:32:39.854 [info] > git rev-parse --show-toplevel [3310ms]
2025-05-07 23:32:40.076 [info] > git rev-parse --show-toplevel [190ms]
2025-05-07 23:32:40.077 [info] [Model][doInitialScan] Initial repository scan completed - repositories (1), closed repositories (0), parent repositories (0), unsafe repositories (0)
2025-05-07 23:32:40.373 [info] > git show --textconv :DemoFlow/index.html [256ms]
2025-05-07 23:32:40.421 [info] > git ls-files --stage -- /home/anthonyramosmontoya/DemoFlow/index.html [289ms]
2025-05-07 23:32:40.435 [info] > git cat-file -s d01f779ffe857c350a556704ae244cec10844ce0 [6ms]
2025-05-07 23:32:43.167 [info] > git config --get commit.template [62ms]
2025-05-07 23:32:43.252 [info] > git for-each-ref --format=%(refname)%00%(upstream:short)%00%(objectname)%00%(upstream:track)%00%(upstream:remotename)%00%(upstream:remoteref) refs/heads/main refs/remotes/main [45ms]
2025-05-07 23:32:43.253 [warning] [Git][getBranch] No such branch: main
2025-05-07 23:32:43.350 [info] > git status -z -uall [53ms]
2025-05-07 23:32:43.375 [info] > git for-each-ref --sort -committerdate --format %(refname) %(objectname) %(*objectname) [34ms]
2025-05-07 23:32:51.400 [info] > git config --get commit.template [4ms]
2025-05-07 23:32:51.482 [info] > git for-each-ref --format=%(refname)%00%(upstream:short)%00%(objectname)%00%(upstream:track)%00%(upstream:remotename)%00%(upstream:remoteref) refs/heads/main refs/remotes/main [28ms]
2025-05-07 23:32:51.482 [warning] [Git][getBranch] No such branch: main
2025-05-07 23:32:51.685 [info] > git status -z -uall [129ms]
2025-05-07 23:32:51.723 [info] > git for-each-ref --sort -committerdate --format %(refname) %(objectname) %(*objectname) [100ms]
2025-05-07 23:32:57.331 [info] > git config --get commit.template [7ms]
2025-05-07 23:32:57.360 [info] > git for-each-ref --format=%(refname)%00%(upstream:short)%00%(objectname)%00%(upstream:track)%00%(upstream:remotename)%00%(upstream:remoteref) refs/heads/main refs/remotes/main [5ms]
2025-05-07 23:32:57.361 [warning] [Git][getBranch] No such branch: main
2025-05-07 23:32:57.422 [info] > git for-each-ref --sort -committerdate --format %(refname) %(objectname) %(*objectname) [6ms]
2025-05-07 23:32:57.434 [info] > git status -z -uall [47ms]
2025-05-07 23:33:20.683 [info] > git config --get commit.template [19ms]
2025-05-07 23:33:20.684 [info] > git for-each-ref --format=%(refname)%00%(upstream:short)%00%(objectname)%00%(upstream:track)%00%(upstream:remotename)%00%(upstream:remoteref) refs/heads/main refs/remotes/main [4ms]
2025-05-07 23:33:20.684 [warning] [Git][getBranch] No such branch: main
2025-05-07 23:33:20.713 [info] > git status -z -uall [18ms]
2025-05-07 23:33:20.715 [info] > git for-each-ref --sort -committerdate --format %(refname) %(objectname) %(*objectname) [4ms]
2025-05-07 23:33:42.610 [info] > git config --get commit.template [6ms]
2025-05-07 23:33:42.632 [info] > git for-each-ref --format=%(refname)%00%(upstream:short)%00%(objectname)%00%(upstream:track)%00%(upstream:remotename)%00%(upstream:remoteref) refs/heads/main refs/remotes/main [7ms]
2025-05-07 23:33:42.632 [warning] [Git][getBranch] No such branch: main
2025-05-07 23:33:42.660 [info] > git status -z -uall [17ms]
2025-05-07 23:33:42.660 [info] > git for-each-ref --sort -committerdate --format %(refname) %(objectname) %(*objectname) [3ms]
2025-05-07 23:34:56.291 [info] > git ls-files --stage -- /home/anthonyramosmontoya/DemoFlow/index.html [2ms]
2025-05-07 23:34:56.303 [info] > git cat-file -s d01f779ffe857c350a556704ae244cec10844ce0 [3ms]
2025-05-07 23:34:56.467 [info] > git show --textconv :DemoFlow/index.html [4ms]
2025-05-07 23:35:24.430 [info] > git ls-files --stage -- /home/anthonyramosmontoya/DemoFlow/index.html [4ms]
2025-05-07 23:35:24.441 [info] > git cat-file -s d01f779ffe857c350a556704ae244cec10844ce0 [3ms]
2025-05-07 23:35:24.598 [info] > git show --textconv :DemoFlow/index.html [3ms]
2025-05-07 23:35:53.693 [info] > git ls-files --stage -- /home/anthonyramosmontoya/DemoFlow/index.html [3ms]
2025-05-07 23:35:53.703 [info] > git cat-file -s d01f779ffe857c350a556704ae244cec10844ce0 [2ms]
2025-05-07 23:35:53.861 [info] > git show --textconv :DemoFlow/index.html [4ms]
2025-05-07 23:36:31.651 [info] > git config --get commit.template [3ms]
2025-05-07 23:36:31.661 [info] > git for-each-ref --format=%(refname)%00%(upstream:short)%00%(objectname)%00%(upstream:track)%00%(upstream:remotename)%00%(upstream:remoteref) refs/heads/main refs/remotes/main [2ms]
2025-05-07 23:36:31.662 [warning] [Git][getBranch] No such branch: main
2025-05-07 23:36:31.685 [info] > git status -z -uall [14ms]
2025-05-07 23:36:31.686 [info] > git for-each-ref --sort -committerdate --format %(refname) %(objectname) %(*objectname) [5ms]
2025-05-07 23:36:36.703 [info] > git config --get commit.template [3ms]
2025-05-07 23:36:36.714 [info] > git for-each-ref --format=%(refname)%00%(upstream:short)%00%(objectname)%00%(upstream:track)%00%(upstream:remotename)%00%(upstream:remoteref) refs/heads/main refs/remotes/main [2ms]
2025-05-07 23:36:36.714 [warning] [Git][getBranch] No such branch: main
2025-05-07 23:36:36.735 [info] > git status -z -uall [12ms]
2025-05-07 23:36:36.742 [info] > git for-each-ref --sort -committerdate --format %(refname) %(objectname) %(*objectname) [9ms]
2025-05-07 23:37:51.938 [info] > git config --get commit.template [10ms]
2025-05-07 23:37:51.939 [info] > git for-each-ref --format=%(refname)%00%(upstream:short)%00%(objectname)%00%(upstream:track)%00%(upstream:remotename)%00%(upstream:remoteref) refs/heads/main refs/remotes/main [2ms]
2025-05-07 23:37:51.939 [warning] [Git][getBranch] No such branch: main
2025-05-07 23:37:51.960 [info] > git status -z -uall [12ms]
2025-05-07 23:37:51.962 [info] > git for-each-ref --sort -committerdate --format %(refname) %(objectname) %(*objectname) [3ms]
2025-05-07 23:37:56.987 [info] > git config --get commit.template [10ms]
2025-05-07 23:37:56.988 [info] > git for-each-ref --format=%(refname)%00%(upstream:short)%00%(objectname)%00%(upstream:track)%00%(upstream:remotename)%00%(upstream:remoteref) refs/heads/main refs/remotes/main [3ms]
2025-05-07 23:37:56.988 [warning] [Git][getBranch] No such branch: main
2025-05-07 23:37:57.016 [info] > git status -z -uall [19ms]
2025-05-07 23:37:57.018 [info] > git for-each-ref --sort -committerdate --format %(refname) %(objectname) %(*objectname) [7ms]
2025-05-07 23:38:12.343 [info] > git show --textconv :README-cloudshell.txt [13ms]
2025-05-07 23:38:12.344 [info] > git ls-files --stage -- /home/anthonyramosmontoya/README-cloudshell.txt [4ms]
2025-05-07 23:38:12.356 [info] > git cat-file -s 9fa5a74e750d98eb725eca4ca09ba01af2f5cd24 [3ms]
2025-05-07 23:38:52.107 [info] > git ls-files --stage -- /home/anthonyramosmontoya/README-cloudshell.txt [2ms]
2025-05-07 23:38:52.118 [info] > git cat-file -s 9fa5a74e750d98eb725eca4ca09ba01af2f5cd24 [2ms]
2025-05-07 23:38:52.273 [info] > git show --textconv :README-cloudshell.txt [3ms]
2025-05-07 23:40:00.914 [info] > git config --get commit.template [13ms]
2025-05-07 23:40:00.916 [info] > git for-each-ref --format=%(refname)%00%(upstream:short)%00%(objectname)%00%(upstream:track)%00%(upstream:remotename)%00%(upstream:remoteref) refs/heads/main refs/remotes/main [3ms]
2025-05-07 23:40:00.916 [warning] [Git][getBranch] No such branch: main
2025-05-07 23:40:00.936 [info] > git status -z -uall [11ms]
2025-05-07 23:40:00.938 [info] > git for-each-ref --sort -committerdate --format %(refname) %(objectname) %(*objectname) [3ms]
2025-05-07 23:40:05.962 [info] > git config --get commit.template [10ms]
2025-05-07 23:40:05.963 [info] > git for-each-ref --format=%(refname)%00%(upstream:short)%00%(objectname)%00%(upstream:track)%00%(upstream:remotename)%00%(upstream:remoteref) refs/heads/main refs/remotes/main [3ms]
2025-05-07 23:40:05.963 [warning] [Git][getBranch] No such branch: main
2025-05-07 23:40:05.985 [info] > git status -z -uall [13ms]
2025-05-07 23:40:05.987 [info] > git for-each-ref --sort -committerdate --format %(refname) %(objectname) %(*objectname) [5ms]
2025-05-07 23:40:11.010 [info] > git config --get commit.template [10ms]
2025-05-07 23:40:11.011 [info] > git for-each-ref --format=%(refname)%00%(upstream:short)%00%(objectname)%00%(upstream:track)%00%(upstream:remotename)%00%(upstream:remoteref) refs/heads/main refs/remotes/main [2ms]
2025-05-07 23:40:11.012 [warning] [Git][getBranch] No such branch: main
2025-05-07 23:40:11.033 [info] > git status -z -uall [13ms]
2025-05-07 23:40:11.035 [info] > git for-each-ref --sort -committerdate --format %(refname) %(objectname) %(*objectname) [5ms]
2025-05-07 23:40:42.060 [info] > git show --textconv :DemoFlow/index.html [13ms]
2025-05-07 23:40:42.062 [info] > git ls-files --stage -- /home/anthonyramosmontoya/DemoFlow/index.html [3ms]
2025-05-07 23:40:42.073 [info] > git cat-file -s d01f779ffe857c350a556704ae244cec10844ce0 [2ms]
2025-05-07 23:42:53.939 [info] > git config --get commit.template [11ms]
2025-05-07 23:42:53.941 [info] > git for-each-ref --format=%(refname)%00%(upstream:short)%00%(objectname)%00%(upstream:track)%00%(upstream:remotename)%00%(upstream:remoteref) refs/heads/main refs/remotes/main [3ms]
2025-05-07 23:42:53.941 [warning] [Git][getBranch] No such branch: main
2025-05-07 23:42:53.963 [info] > git status -z -uall [13ms]
2025-05-07 23:42:53.967 [info] > git for-each-ref --sort -committerdate --format %(refname) %(objectname) %(*objectname) [5ms]
2025-05-07 23:43:34.666 [info] > git show --textconv :DemoFlow/index.html [10ms]
2025-05-07 23:43:34.668 [info] > git ls-files --stage -- /home/anthonyramosmontoya/DemoFlow/index.html [3ms]
2025-05-07 23:43:34.679 [info] > git cat-file -s d01f779ffe857c350a556704ae244cec10844ce0 [3ms]
2025-05-07 23:44:07.680 [info] > git show --textconv :DemoFlow/README-cloudshell.txt [28ms]
2025-05-07 23:44:07.680 [info] > git ls-files --stage -- /home/anthonyramosmontoya/DemoFlow/README-cloudshell.txt [19ms]
2025-05-07 23:44:07.682 [info] > git check-ignore -v -z --stdin [4ms]
2025-05-07 23:44:09.496 [info] > git show --textconv :DemoFlow/index.html [10ms]
2025-05-07 23:44:09.498 [info] > git ls-files --stage -- /home/anthonyramosmontoya/DemoFlow/index.html [3ms]
2025-05-07 23:44:09.509 [info] > git cat-file -s d01f779ffe857c350a556704ae244cec10844ce0 [2ms]
2025-05-07 23:44:49.648 [info] > git config --get commit.template [11ms]
2025-05-07 23:44:49.649 [info] > git for-each-ref --format=%(refname)%00%(upstream:short)%00%(objectname)%00%(upstream:track)%00%(upstream:remotename)%00%(upstream:remoteref) refs/heads/main refs/remotes/main [2ms]
2025-05-07 23:44:49.649 [warning] [Git][getBranch] No such branch: main
2025-05-07 23:44:49.668 [info] > git status -z -uall [11ms]
2025-05-07 23:44:49.672 [info] > git for-each-ref --sort -committerdate --format %(refname) %(objectname) %(*objectname) [5ms]
2025-05-07 23:47:29.063 [info] > git ls-files --stage -- /home/anthonyramosmontoya/DemoFlow/index.html [3ms]
2025-05-07 23:47:29.078 [info] > git cat-file -s d01f779ffe857c350a556704ae244cec10844ce0 [3ms]
2025-05-07 23:47:29.238 [info] > git show --textconv :DemoFlow/index.html [5ms]
2025-05-07 23:47:38.580 [info] > git ls-files --stage -- /home/anthonyramosmontoya/DemoFlow/index.html [2ms]
2025-05-07 23:47:38.591 [info] > git cat-file -s d01f779ffe857c350a556704ae244cec10844ce0 [3ms]
2025-05-07 23:47:38.748 [info] > git show --textconv :DemoFlow/index.html [3ms]
2025-05-07 23:48:06.326 [info] > git show --textconv :DemoFlow/index.html [17ms]
2025-05-07 23:48:06.328 [info] > git ls-files --stage -- /home/anthonyramosmontoya/DemoFlow/index.html [3ms]
2025-05-07 23:48:06.338 [info] > git cat-file -s d01f779ffe857c350a556704ae244cec10844ce0 [2ms]
2025-05-07 23:49:29.159 [info] > git config --get commit.template [11ms]
2025-05-07 23:49:29.160 [info] > git for-each-ref --format=%(refname)%00%(upstream:short)%00%(objectname)%00%(upstream:track)%00%(upstream:remotename)%00%(upstream:remoteref) refs/heads/main refs/remotes/main [2ms]
2025-05-07 23:49:29.161 [warning] [Git][getBranch] No such branch: main
2025-05-07 23:49:29.188 [info] > git status -z -uall [14ms]
2025-05-07 23:49:29.190 [info] > git for-each-ref --sort -committerdate --format %(refname) %(objectname) %(*objectname) [3ms]
2025-05-07 23:49:50.348 [info] > git show --textconv :DemoFlow/index.html [11ms]
2025-05-07 23:49:50.349 [info] > git ls-files --stage -- /home/anthonyramosmontoya/DemoFlow/index.html [3ms]
2025-05-07 23:49:50.359 [info] > git cat-file -s d01f779ffe857c350a556704ae244cec10844ce0 [2ms]
2025-05-07 23:50:15.228 [info] > git show --textconv :DemoFlow/README-cloudshell.txt [10ms]
2025-05-07 23:50:15.231 [info] > git ls-files --stage -- /home/anthonyramosmontoya/DemoFlow/README-cloudshell.txt [2ms]
2025-05-07 23:50:15.241 [info] > git cat-file -s e69de29bb2d1d6434b8b29ae775ad8c2e48c5391 [2ms]
2025-05-07 23:50:22.581 [info] > git show --textconv :DemoFlow/README-cloudshell.txt [13ms]
2025-05-07 23:50:22.585 [info] > git ls-files --stage -- /home/anthonyramosmontoya/DemoFlow/README-cloudshell.txt [4ms]
2025-05-07 23:50:22.595 [info] > git cat-file -s e69de29bb2d1d6434b8b29ae775ad8c2e48c5391 [2ms]
2025-05-07 23:50:24.524 [info] > git show --textconv :DemoFlow/index.html [10ms]
2025-05-07 23:50:24.526 [info] > git ls-files --stage -- /home/anthonyramosmontoya/DemoFlow/index.html [3ms]
2025-05-07 23:50:24.537 [info] > git cat-file -s d01f779ffe857c350a556704ae244cec10844ce0 [2ms]
2025-05-07 23:54:12.770 [info] > git config --get commit.template [10ms]
2025-05-07 23:54:12.771 [info] > git for-each-ref --format=%(refname)%00%(upstream:short)%00%(objectname)%00%(upstream:track)%00%(upstream:remotename)%00%(upstream:remoteref) refs/heads/main refs/remotes/main [2ms]
2025-05-07 23:54:12.772 [warning] [Git][getBranch] No such branch: main
2025-05-07 23:54:12.791 [info] > git status -z -uall [11ms]
2025-05-07 23:54:12.794 [info] > git for-each-ref --sort -committerdate --format %(refname) %(objectname) %(*objectname) [4ms]
2025-05-07 23:54:17.817 [info] > git config --get commit.template [10ms]
2025-05-07 23:54:17.819 [info] > git for-each-ref --format=%(refname)%00%(upstream:short)%00%(objectname)%00%(upstream:track)%00%(upstream:remotename)%00%(upstream:remoteref) refs/heads/main refs/remotes/main [3ms]
2025-05-07 23:54:17.820 [warning] [Git][getBranch] No such branch: main
2025-05-07 23:54:17.845 [info] > git status -z -uall [14ms]
2025-05-07 23:54:17.850 [info] > git for-each-ref --sort -committerdate --format %(refname) %(objectname) %(*objectname) [6ms]
2025-05-07 23:54:36.298 [info] > git ls-files --stage -- /home/anthonyramosmontoya/DemoFlow/index.html [2ms]
2025-05-07 23:54:36.312 [info] > git cat-file -s d01f779ffe857c350a556704ae244cec10844ce0 [4ms]
2025-05-07 23:54:36.467 [info] > git show --textconv :DemoFlow/index.html [3ms]
2025-05-07 23:54:44.017 [info] > git ls-files --stage -- /home/anthonyramosmontoya/DemoFlow/index.html [2ms]
2025-05-07 23:54:44.028 [info] > git cat-file -s d01f779ffe857c350a556704ae244cec10844ce0 [2ms]
2025-05-07 23:54:44.184 [info] > git show --textconv :DemoFlow/index.html [3ms]
2025-05-07 23:55:25.955 [info] > git ls-files --stage -- /home/anthonyramosmontoya/DemoFlow/index.html [4ms]
2025-05-07 23:55:25.965 [info] > git cat-file -s d01f779ffe857c350a556704ae244cec10844ce0 [2ms]
2025-05-07 23:55:26.120 [info] > git show --textconv :DemoFlow/index.html [2ms]
2025-05-07 23:56:04.856 [info] > git ls-files --stage -- /home/anthonyramosmontoya/DemoFlow/index.html [2ms]
2025-05-07 23:56:04.866 [info] > git cat-file -s d01f779ffe857c350a556704ae244cec10844ce0 [2ms]
2025-05-07 23:56:05.022 [info] > git show --textconv :DemoFlow/index.html [3ms]
2025-05-07 23:58:02.759 [info] > git config --get commit.template [10ms]
2025-05-07 23:58:02.761 [info] > git for-each-ref --format=%(refname)%00%(upstream:short)%00%(objectname)%00%(upstream:track)%00%(upstream:remotename)%00%(upstream:remoteref) refs/heads/main refs/remotes/main [3ms]
2025-05-07 23:58:02.784 [info] > git status -z -uall [13ms]
2025-05-07 23:58:02.785 [info] > git for-each-ref --sort -committerdate --format %(refname) %(objectname) %(*objectname) [4ms]
2025-05-07 23:58:06.691 [info] > git ls-files --stage -- /home/anthonyramosmontoya/DemoFlow/index.html [3ms]
2025-05-07 23:58:06.703 [info] > git cat-file -s d01f779ffe857c350a556704ae244cec10844ce0 [3ms]
2025-05-07 23:58:06.881 [info] > git show --textconv :DemoFlow/index.html [5ms]
2025-05-07 23:58:07.804 [info] > git config --get commit.template [3ms]
2025-05-07 23:58:07.815 [info] > git for-each-ref --format=%(refname)%00%(upstream:short)%00%(objectname)%00%(upstream:track)%00%(upstream:remotename)%00%(upstream:remoteref) refs/heads/main refs/remotes/main [3ms]
2025-05-07 23:58:07.835 [info] > git status -z -uall [11ms]
2025-05-07 23:58:07.837 [info] > git for-each-ref --sort -committerdate --format %(refname) %(objectname) %(*objectname) [3ms]
2025-05-07 23:58:12.859 [info] > git config --get commit.template [10ms]
2025-05-07 23:58:12.861 [info] > git for-each-ref --format=%(refname)%00%(upstream:short)%00%(objectname)%00%(upstream:track)%00%(upstream:remotename)%00%(upstream:remoteref) refs/heads/main refs/remotes/main [2ms]
2025-05-07 23:58:12.889 [info] > git status -z -uall [20ms]
2025-05-07 23:58:12.894 [info] > git for-each-ref --sort -committerdate --format %(refname) %(objectname) %(*objectname) [6ms]
2025-05-07 23:58:14.693 [info] > git ls-files --stage -- /home/anthonyramosmontoya/DemoFlow/index.html [2ms]
2025-05-07 23:58:14.704 [info] > git cat-file -s d01f779ffe857c350a556704ae244cec10844ce0 [3ms]
2025-05-07 23:58:14.854 [info] > git show --textconv :DemoFlow/index.html [3ms]
2025-05-07 23:58:21.721 [info] > git ls-files --stage -- /home/anthonyramosmontoya/DemoFlow/index.html [2ms]
2025-05-07 23:58:21.734 [info] > git cat-file -s d01f779ffe857c350a556704ae244cec10844ce0 [3ms]
2025-05-07 23:58:21.885 [info] > git show --textconv :DemoFlow/index.html [2ms]
2025-05-08 00:00:47.448 [info] > git config --get commit.template [9ms]
2025-05-08 00:00:47.450 [info] > git for-each-ref --format=%(refname)%00%(upstream:short)%00%(objectname)%00%(upstream:track)%00%(upstream:remotename)%00%(upstream:remoteref) refs/heads/main refs/remotes/main [3ms]
2025-05-08 00:00:47.473 [info] > git status -z -uall [15ms]
2025-05-08 00:00:47.474 [info] > git for-each-ref --sort -committerdate --format %(refname) %(objectname) %(*objectname) [5ms]
2025-05-08 00:00:52.497 [info] > git config --get commit.template [12ms]
2025-05-08 00:00:52.499 [info] > git for-each-ref --format=%(refname)%00%(upstream:short)%00%(objectname)%00%(upstream:track)%00%(upstream:remotename)%00%(upstream:remoteref) refs/heads/main refs/remotes/main [3ms]
2025-05-08 00:00:52.518 [info] > git status -z -uall [11ms]
2025-05-08 00:00:52.521 [info] > git for-each-ref --sort -committerdate --format %(refname) %(objectname) %(*objectname) [4ms]
2025-05-08 00:02:48.871 [info] > git config --get commit.template [10ms]
2025-05-08 00:02:48.873 [info] > git for-each-ref --format=%(refname)%00%(upstream:short)%00%(objectname)%00%(upstream:track)%00%(upstream:remotename)%00%(upstream:remoteref) refs/heads/main refs/remotes/main [3ms]
2025-05-08 00:02:48.894 [info] > git status -z -uall [12ms]
2025-05-08 00:02:48.896 [info] > git for-each-ref --sort -committerdate --format %(refname) %(objectname) %(*objectname) [3ms]
2025-05-08 00:02:53.918 [info] > git config --get commit.template [10ms]
2025-05-08 00:02:53.921 [info] > git for-each-ref --format=%(refname)%00%(upstream:short)%00%(objectname)%00%(upstream:track)%00%(upstream:remotename)%00%(upstream:remoteref) refs/heads/main refs/remotes/main [4ms]
2025-05-08 00:02:53.941 [info] > git status -z -uall [11ms]
2025-05-08 00:02:53.943 [info] > git for-each-ref --sort -committerdate --format %(refname) %(objectname) %(*objectname) [2ms]
2025-05-08 00:03:41.071 [info] > git config --get commit.template [10ms]
2025-05-08 00:03:41.073 [info] > git for-each-ref --format=%(refname)%00%(upstream:short)%00%(objectname)%00%(upstream:track)%00%(upstream:remotename)%00%(upstream:remoteref) refs/heads/main refs/remotes/main [3ms]
2025-05-08 00:03:41.092 [info] > git status -z -uall [11ms]
2025-05-08 00:03:41.095 [info] > git for-each-ref --sort -committerdate --format %(refname) %(objectname) %(*objectname) [4ms]
2025-05-08 00:04:25.643 [info] > git config --get commit.template [10ms]
2025-05-08 00:04:25.645 [info] > git for-each-ref --format=%(refname)%00%(upstream:short)%00%(objectname)%00%(upstream:track)%00%(upstream:remotename)%00%(upstream:remoteref) refs/heads/main refs/remotes/main [2ms]
2025-05-08 00:04:25.666 [info] > git status -z -uall [13ms]
2025-05-08 00:04:25.667 [info] > git for-each-ref --sort -committerdate --format %(refname) %(objectname) %(*objectname) [4ms]
2025-05-08 00:04:30.681 [info] > git config --get commit.template [2ms]
2025-05-08 00:04:30.692 [info] > git for-each-ref --format=%(refname)%00%(upstream:short)%00%(objectname)%00%(upstream:track)%00%(upstream:remotename)%00%(upstream:remoteref) refs/heads/main refs/remotes/main [2ms]
2025-05-08 00:04:30.712 [info] > git status -z -uall [11ms]
2025-05-08 00:04:30.714 [info] > git for-each-ref --sort -committerdate --format %(refname) %(objectname) %(*objectname) [3ms]
2025-05-08 00:05:25.984 [info] > git config --get commit.template [9ms]
2025-05-08 00:05:25.986 [info] > git for-each-ref --format=%(refname)%00%(upstream:short)%00%(objectname)%00%(upstream:track)%00%(upstream:remotename)%00%(upstream:remoteref) refs/heads/main refs/remotes/main [3ms]
2025-05-08 00:05:26.005 [info] > git status -z -uall [11ms]
2025-05-08 00:05:26.007 [info] > git for-each-ref --sort -committerdate --format %(refname) %(objectname) %(*objectname) [3ms]
2025-05-08 00:05:31.035 [info] > git config --get commit.template [12ms]
2025-05-08 00:05:31.036 [info] > git for-each-ref --format=%(refname)%00%(upstream:short)%00%(objectname)%00%(upstream:track)%00%(upstream:remotename)%00%(upstream:remoteref) refs/heads/main refs/remotes/main [2ms]
2025-05-08 00:05:31.056 [info] > git status -z -uall [11ms]
2025-05-08 00:05:31.058 [info] > git for-each-ref --sort -committerdate --format %(refname) %(objectname) %(*objectname) [3ms]
2025-05-08 00:06:42.175 [info] > git config --get commit.template [3ms]
2025-05-08 00:06:42.186 [info] > git for-each-ref --format=%(refname)%00%(upstream:short)%00%(objectname)%00%(upstream:track)%00%(upstream:remotename)%00%(upstream:remoteref) refs/heads/main refs/remotes/main [2ms]
2025-05-08 00:06:42.205 [info] > git status -z -uall [11ms]
2025-05-08 00:06:42.207 [info] > git for-each-ref --sort -committerdate --format %(refname) %(objectname) %(*objectname) [3ms]
2025-05-08 00:06:47.229 [info] > git config --get commit.template [10ms]
2025-05-08 00:06:47.230 [info] > git for-each-ref --format=%(refname)%00%(upstream:short)%00%(objectname)%00%(upstream:track)%00%(upstream:remotename)%00%(upstream:remoteref) refs/heads/main refs/remotes/main [2ms]
2025-05-08 00:06:47.251 [info] > git status -z -uall [12ms]
2025-05-08 00:06:47.253 [info] > git for-each-ref --sort -committerdate --format %(refname) %(objectname) %(*objectname) [3ms]
2025-05-08 00:10:01.601 [info] > git check-ignore -v -z --stdin [2ms]
2025-05-08 00:10:01.852 [info] > git show --textconv :index.html [10ms]
2025-05-08 00:10:01.854 [info] > git ls-files --stage -- /home/anthonyramosmontoya/index.html [3ms]
2025-05-08 00:10:22.490 [info] > git show --textconv :README-cloudshell.txt [12ms]
2025-05-08 00:10:22.492 [info] > git ls-files --stage -- /home/anthonyramosmontoya/README-cloudshell.txt [3ms]
2025-05-08 00:10:22.504 [info] > git cat-file -s 9fa5a74e750d98eb725eca4ca09ba01af2f5cd24 [3ms]
2025-05-08 00:10:24.607 [info] > git show --textconv :index.html [10ms]
2025-05-08 00:10:24.609 [info] > git ls-files --stage -- /home/anthonyramosmontoya/index.html [3ms]
2025-05-08 00:12:05.324 [info] > git ls-files --stage -- /home/anthonyramosmontoya/index.html [2ms]
2025-05-08 00:12:05.473 [info] > git show --textconv :index.html [3ms]
2025-05-08 00:12:15.888 [info] > git ls-files --stage -- /home/anthonyramosmontoya/index.html [2ms]
2025-05-08 00:12:15.898 [info] > git cat-file -s d01f779ffe857c350a556704ae244cec10844ce0 [2ms]
2025-05-08 00:12:16.049 [info] > git show --textconv :index.html [3ms]
2025-05-08 00:14:21.170 [info] > git config --get commit.template [3ms]
2025-05-08 00:14:21.182 [info] > git for-each-ref --format=%(refname)%00%(upstream:short)%00%(objectname)%00%(upstream:track)%00%(upstream:remotename)%00%(upstream:remoteref) refs/heads/main refs/remotes/main [4ms]
2025-05-08 00:14:21.203 [info] > git status -z -uall [12ms]
2025-05-08 00:14:21.204 [info] > git for-each-ref --sort -committerdate --format %(refname) %(objectname) %(*objectname) [3ms]
2025-05-08 00:14:26.231 [info] > git for-each-ref --format=%(refname)%00%(upstream:short)%00%(objectname)%00%(upstream:track)%00%(upstream:remotename)%00%(upstream:remoteref) refs/heads/main refs/remotes/main [4ms]
2025-05-08 00:14:26.231 [info] > git config --get commit.template [13ms]
2025-05-08 00:14:26.252 [info] > git status -z -uall [13ms]
2025-05-08 00:14:26.253 [info] > git for-each-ref --sort -committerdate --format %(refname) %(objectname) %(*objectname) [4ms]
2025-05-08 00:14:27.511 [info] > git ls-files --stage -- /home/anthonyramosmontoya/index.html [3ms]
2025-05-08 00:14:27.524 [info] > git cat-file -s d01f779ffe857c350a556704ae244cec10844ce0 [3ms]
2025-05-08 00:14:27.679 [info] > git show --textconv :index.html [3ms]
2025-05-08 00:14:38.208 [info] > git config --get commit.template [10ms]
2025-05-08 00:14:38.210 [info] > git for-each-ref --format=%(refname)%00%(upstream:short)%00%(objectname)%00%(upstream:track)%00%(upstream:remotename)%00%(upstream:remoteref) refs/heads/main refs/remotes/main [3ms]
2025-05-08 00:14:38.233 [info] > git status -z -uall [11ms]
2025-05-08 00:14:38.236 [info] > git for-each-ref --sort -committerdate --format %(refname) %(objectname) %(*objectname) [4ms]
2025-05-08 00:14:41.907 [info] > git ls-files --stage -- /home/anthonyramosmontoya/index.html [2ms]
2025-05-08 00:14:41.918 [info] > git cat-file -s d01f779ffe857c350a556704ae244cec10844ce0 [3ms]
2025-05-08 00:14:42.079 [info] > git show --textconv :index.html [3ms]
2025-05-08 00:14:52.394 [info] > git ls-files --stage -- /home/anthonyramosmontoya/index.html [2ms]
2025-05-08 00:14:52.405 [info] > git cat-file -s d01f779ffe857c350a556704ae244cec10844ce0 [2ms]
2025-05-08 00:14:52.559 [info] > git show --textconv :index.html [3ms]
2025-05-08 00:14:55.867 [info] > git config --get commit.template [11ms]
2025-05-08 00:14:55.869 [info] > git for-each-ref --format=%(refname)%00%(upstream:short)%00%(objectname)%00%(upstream:track)%00%(upstream:remotename)%00%(upstream:remoteref) refs/heads/main refs/remotes/main [2ms]
2025-05-08 00:14:55.888 [info] > git status -z -uall [10ms]
2025-05-08 00:14:55.892 [info] > git for-each-ref --sort -committerdate --format %(refname) %(objectname) %(*objectname) [5ms]
2025-05-08 00:15:02.897 [info] > git ls-files --stage -- /home/anthonyramosmontoya/index.html [2ms]
2025-05-08 00:15:02.907 [info] > git cat-file -s d01f779ffe857c350a556704ae244cec10844ce0 [2ms]
2025-05-08 00:15:03.063 [info] > git show --textconv :index.html [3ms]
2025-05-08 00:15:11.847 [info] > git config --get commit.template [10ms]
2025-05-08 00:15:11.849 [info] > git for-each-ref --format=%(refname)%00%(upstream:short)%00%(objectname)%00%(upstream:track)%00%(upstream:remotename)%00%(upstream:remoteref) refs/heads/main refs/remotes/main [3ms]
2025-05-08 00:15:11.871 [info] > git status -z -uall [14ms]
2025-05-08 00:15:11.872 [info] > git for-each-ref --sort -committerdate --format %(refname) %(objectname) %(*objectname) [5ms]
2025-05-08 00:15:40.097 [info] > git show --textconv :README-cloudshell.txt [11ms]
2025-05-08 00:15:40.099 [info] > git ls-files --stage -- /home/anthonyramosmontoya/README-cloudshell.txt [3ms]
2025-05-08 00:15:40.110 [info] > git cat-file -s 9fa5a74e750d98eb725eca4ca09ba01af2f5cd24 [2ms]
2025-05-08 00:16:15.232 [info] > git config --get commit.template [13ms]
2025-05-08 00:16:15.233 [info] > git for-each-ref --format=%(refname)%00%(upstream:short)%00%(objectname)%00%(upstream:track)%00%(upstream:remotename)%00%(upstream:remoteref) refs/heads/main refs/remotes/main [4ms]
2025-05-08 00:16:15.252 [info] > git status -z -uall [11ms]
2025-05-08 00:16:15.255 [info] > git for-each-ref --sort -committerdate --format %(refname) %(objectname) %(*objectname) [4ms]
2025-05-08 00:16:33.978 [info] > git config --get commit.template [2ms]
2025-05-08 00:16:33.989 [info] > git for-each-ref --format=%(refname)%00%(upstream:short)%00%(objectname)%00%(upstream:track)%00%(upstream:remotename)%00%(upstream:remoteref) refs/heads/main refs/remotes/main [3ms]
2025-05-08 00:16:34.009 [info] > git status -z -uall [12ms]
2025-05-08 00:16:34.010 [info] > git for-each-ref --sort -committerdate --format %(refname) %(objectname) %(*objectname) [3ms]
2025-05-08 00:16:39.033 [info] > git config --get commit.template [10ms]
2025-05-08 00:16:39.034 [info] > git for-each-ref --format=%(refname)%00%(upstream:short)%00%(objectname)%00%(upstream:track)%00%(upstream:remotename)%00%(upstream:remoteref) refs/heads/main refs/remotes/main [2ms]
2025-05-08 00:16:39.053 [info] > git status -z -uall [10ms]
2025-05-08 00:16:39.056 [info] > git for-each-ref --sort -committerdate --format %(refname) %(objectname) %(*objectname) [4ms]
2025-05-08 00:17:08.023 [info] > git config --get commit.template [3ms]
2025-05-08 00:17:08.042 [info] > git for-each-ref --format=%(refname)%00%(upstream:short)%00%(objectname)%00%(upstream:track)%00%(upstream:remotename)%00%(upstream:remoteref) refs/heads/main refs/remotes/main [4ms]
2025-05-08 00:17:08.064 [info] > git status -z -uall [11ms]
2025-05-08 00:17:08.067 [info] > git for-each-ref --sort -committerdate --format %(refname) %(objectname) %(*objectname) [3ms]
2025-05-08 00:18:17.349 [info] > git show --textconv :DemoFlow/index.html [10ms]
2025-05-08 00:18:17.353 [info] > git ls-files --stage -- /home/anthonyramosmontoya/DemoFlow/index.html [5ms]
2025-05-08 00:18:17.353 [info] fatal: not a git repository (or any parent up to mount point /)
Stopping at filesystem boundary (GIT_DISCOVERY_ACROSS_FILESYSTEM not set).
2025-05-08 00:18:33.781 [info] > git rev-parse --show-toplevel [4ms]
2025-05-08 00:18:33.781 [info] fatal: not a git repository (or any parent up to mount point /)
Stopping at filesystem boundary (GIT_DISCOVERY_ACROSS_FILESYSTEM not set).
2025-05-08 00:18:35.491 [info] > git rev-parse --show-toplevel [3ms]
2025-05-08 00:18:35.492 [info] fatal: not a git repository (or any parent up to mount point /)
Stopping at filesystem boundary (GIT_DISCOVERY_ACROSS_FILESYSTEM not set).
2025-05-08 00:21:30.084 [info] > git rev-parse --show-toplevel [2ms]
2025-05-08 00:21:30.096 [info] > git rev-parse --git-dir --git-common-dir [3ms]
2025-05-08 00:21:30.106 [info] [Model][openRepository] Opened repository: /home/anthonyramosmontoya
2025-05-08 00:21:30.128 [info] [Git][getRemotes] No remotes found in the git config file
2025-05-08 00:21:30.129 [info] > git config --get commit.template [11ms]
2025-05-08 00:21:30.130 [info] > git for-each-ref --format=%(refname)%00%(upstream:short)%00%(objectname)%00%(upstream:track)%00%(upstream:remotename)%00%(upstream:remoteref) refs/heads/master refs/remotes/master [2ms]
2025-05-08 00:21:30.130 [warning] [Git][getBranch] No such branch: master
2025-05-08 00:21:30.149 [info] > git status -z -uall [11ms]
2025-05-08 00:21:30.151 [info] > git for-each-ref --sort -committerdate --format %(refname) %(objectname) %(*objectname) [3ms]
2025-05-08 00:21:30.182 [info] > git for-each-ref --format=%(refname)%00%(upstream:short)%00%(objectname)%00%(upstream:track)%00%(upstream:remotename)%00%(upstream:remoteref) refs/heads/master refs/remotes/master [16ms]
2025-05-08 00:21:30.182 [warning] [Git][getBranch] No such branch: master
2025-05-08 00:21:30.183 [error] [GitHistoryProvider][resolveHEADMergeBase] Failed to resolve merge base for master: Error: No such branch: master.
2025-05-08 00:21:30.184 [info] > git config --get commit.template [5ms]
2025-05-08 00:21:30.184 [info] [Git][getRemotes] No remotes found in the git config file
2025-05-08 00:21:30.197 [info] > git for-each-ref --format=%(refname)%00%(upstream:short)%00%(objectname)%00%(upstream:track)%00%(upstream:remotename)%00%(upstream:remoteref) refs/heads/master refs/remotes/master [2ms]
2025-05-08 00:21:30.197 [warning] [Git][getBranch] No such branch: master
2025-05-08 00:21:30.249 [info] > git status -z -uall [43ms]
2025-05-08 00:21:30.249 [info] > git for-each-ref --sort -committerdate --format %(refname) %(objectname) %(*objectname) [33ms]
2025-05-08 00:21:30.774 [info] > git check-ignore -v -z --stdin [2ms]
2025-05-08 00:21:31.257 [info] > git show --textconv :DemoFlow/index.html [13ms]
2025-05-08 00:21:31.258 [info] > git ls-files --stage -- /home/anthonyramosmontoya/DemoFlow/index.html [3ms]
