2025-05-07 23:11:33.485 [info] Extension host with pid 1654 started
2025-05-07 23:11:33.499 [info] Lock '/home/anthonyramosmontoya/.codeoss/data/User/workspaceStorage/6b638047/vscode.lock': Lock acquired.
2025-05-07 23:11:33.685 [info] ExtensionService#_doActivateExtension vscode.emmet, startup: false, activationEvent: 'onLanguage'
2025-05-07 23:11:33.884 [info] ExtensionService#_doActivateExtension vscode.git-base, startup: true, activationEvent: '*', root cause: vscode.git
2025-05-07 23:11:34.041 [info] ExtensionService#_doActivateExtension vscode.git, startup: true, activationEvent: '*'
2025-05-07 23:11:34.041 [info] ExtensionService#_doActivateExtension vscode.github, startup: true, activationEvent: '*'
2025-05-07 23:11:34.520 [info] Eager extensions activated
2025-05-07 23:11:34.520 [info] ExtensionService#_doActivateExtension EditorConfig.EditorConfig, startup: false, activationEvent: 'onStartupFinished'
2025-05-07 23:11:34.521 [info] ExtensionService#_doActivateExtension google.cloud-shell, startup: false, activationEvent: 'onStartupFinished'
2025-05-07 23:11:34.521 [info] ExtensionService#_doActivateExtension google.geminicodeassist, startup: false, activationEvent: 'onStartupFinished', root cause: googlecloudtools.cloudcode
2025-05-07 23:11:34.522 [info] ExtensionService#_doActivateExtension vscode.debug-auto-launch, startup: false, activationEvent: 'onStartupFinished'
2025-05-07 23:11:34.522 [info] ExtensionService#_doActivateExtension vscode.merge-conflict, startup: false, activationEvent: 'onStartupFinished'
2025-05-07 23:11:37.303 [info] ExtensionService#_doActivateExtension vscode.configuration-editing, startup: false, activationEvent: 'onLanguage:jsonc'
2025-05-07 23:11:37.304 [info] ExtensionService#_doActivateExtension vscode.json-language-features, startup: false, activationEvent: 'onLanguage:jsonc'
2025-05-07 23:11:37.308 [info] ExtensionService#_doActivateExtension vscode.typescript-language-features, startup: false, activationEvent: 'onLanguage:jsonc'
2025-05-07 23:11:37.553 [info] ExtensionService#_doActivateExtension googlecloudtools.cloudcode, startup: false, activationEvent: 'onStartupFinished'
2025-05-07 23:11:40.069 [error] onWillSaveTextDocument-listener from extension 'EditorConfig.EditorConfig' threw ERROR
2025-05-07 23:11:40.076 [error] Error: timeout
    at Timeout._onTimeout (file:///google/devshell/editor/code-oss-for-cloud-shell/out/vs/workbench/api/node/extensionHostProcess.js:137:99781)
    at listOnTimeout (node:internal/timers:581:17)
    at processTimers (node:internal/timers:519:7)
2025-05-07 23:13:35.263 [info] ExtensionService#_doActivateExtension vscode.html-language-features, startup: false, activationEvent: 'onLanguage:html'
2025-05-07 23:20:59.119 [info] Extension host terminating: renderer disconnected for too long (2)
2025-05-07 23:20:59.130 [info] Lock '/home/anthonyramosmontoya/.codeoss/data/User/workspaceStorage/6b638047/vscode.lock': Marking the lockfile as scheduled to be released in 6000 ms.
2025-05-07 23:20:59.194 [info] Extension host with pid 1654 exiting with code 0
