Initializing document watcher...
Document watcher initialized
anthonyramosmontoya/DemoFlow/index.html: {}
anthonyramosmontoya/DemoFlow/index.html: {}
anthonyramosmontoya/DemoFlow/index.html: {}
anthonyramosmontoya/DemoFlow/index.html: {}
anthonyramosmontoya/DemoFlow/index.html: {}
anthonyramosmontoya/DemoFlow/index.html: {}
anthonyramosmontoya/DemoFlow/index.html: {}
anthonyramosmontoya/DemoFlow/index.html: {}
anthonyramosmontoya/DemoFlow/index.html: {}
anthonyramosmontoya/DemoFlow/index.html: {}
anthonyramosmontoya/DemoFlow/index.html: {}
anthonyramosmontoya/README-cloudshell.txt: {}
anthonyramosmontoya/README-cloudshell.txt: {}
anthonyramosmontoya/README-cloudshell.txt: {}
anthonyramosmontoya/DemoFlow/index.html: {}
anthonyramosmontoya/DemoFlow/index.html: {}
anthonyramosmontoya/DemoFlow/index.html: {}
anthonyramosmontoya/Untitled-1: {}
anthonyramosmontoya/Untitled-1: {}
anthonyramosmontoya/Untitled-1: {}
anthonyramosmontoya/Untitled-1: {}
anthonyramosmontoya/Untitled-1: {}
anthonyramosmontoya/DemoFlow/index.html: {}
anthonyramosmontoya/DemoFlow/index.html: Using EditorConfig core...
anthonyramosmontoya/DemoFlow/index.html: Using EditorConfig core...
anthonyramosmontoya/DemoFlow/README-cloudshell.txt: {}
anthonyramosmontoya/DemoFlow/index.html: {}
anthonyramosmontoya/DemoFlow/index.html: {}
anthonyramosmontoya/DemoFlow/index.html: {}
anthonyramosmontoya/DemoFlow/index.html: {}
anthonyramosmontoya/DemoFlow/index.html: {}
anthonyramosmontoya/Untitled-2: {}
anthonyramosmontoya/DemoFlow/index.html: {}
anthonyramosmontoya/Untitled-2: {}
anthonyramosmontoya/Untitled-2: {}
anthonyramosmontoya/DemoFlow/index.html: {}
anthonyramosmontoya/DemoFlow/README-cloudshell.txt: {}
anthonyramosmontoya/Untitled-2: {}
anthonyramosmontoya/DemoFlow/README-cloudshell.txt: {}
anthonyramosmontoya/DemoFlow/index.html: {}
anthonyramosmontoya/DemoFlow/index.html: {}
anthonyramosmontoya/DemoFlow/index.html: {}
anthonyramosmontoya/DemoFlow/index.html: Using EditorConfig core...
anthonyramosmontoya/DemoFlow/index.html: {}
anthonyramosmontoya/DemoFlow/index.html: {}
anthonyramosmontoya/DemoFlow/index.html: {}
anthonyramosmontoya/DemoFlow/index.html: {}
anthonyramosmontoya/DemoFlow/index.html: {}
anthonyramosmontoya/DemoFlow/index.html: {}
anthonyramosmontoya/DemoFlow/index.html: {}
anthonyramosmontoya/DemoFlow/index.html: {}
anthonyramosmontoya/DemoFlow/index.html: {}
anthonyramosmontoya/DemoFlow/index.html: {}
anthonyramosmontoya/DemoFlow/index.html: {}
anthonyramosmontoya/DemoFlow/index.html: {}
anthonyramosmontoya/DemoFlow/index.html: {}
anthonyramosmontoya/DemoFlow/index.html: {}
anthonyramosmontoya/DemoFlow/index.html: {}
anthonyramosmontoya/DemoFlow/index.html: {}
No more open editors.
No more open editors.
anthonyramosmontoya/index.html: {}
anthonyramosmontoya/README-cloudshell.txt: {}
anthonyramosmontoya/index.html: {}
anthonyramosmontoya/index.html: Using EditorConfig core...
anthonyramosmontoya/index.html: Using EditorConfig core...
anthonyramosmontoya/index.html: Using EditorConfig core...
anthonyramosmontoya/index.html: {}
anthonyramosmontoya/index.html: {}
anthonyramosmontoya/index.html: {}
anthonyramosmontoya/index.html: {}
anthonyramosmontoya/index.html: {}
anthonyramosmontoya/index.html: {}
anthonyramosmontoya/index.html: {}
anthonyramosmontoya/index.html: {}
anthonyramosmontoya/index.html: {}
anthonyramosmontoya/index.html: {}
anthonyramosmontoya/index.html: {}
anthonyramosmontoya/README-cloudshell.txt: {}
No more open editors.
No more open editors.
No more open editors.
No more open editors.
No more open editors.
No more open editors.
anthonyramosmontoya/DemoFlow/index.html: {}
anthonyramosmontoya/DemoFlow/README-cloudshell.txt: {}
anthonyramosmontoya/DemoFlow/index.html: {}
anthonyramosmontoya/DemoFlow/index.html: Using EditorConfig core...
anthonyramosmontoya/DemoFlow/index.html: {}
anthonyramosmontoya/DemoFlow/index.html: {}
anthonyramosmontoya/DemoFlow/index.html: {}
anthonyramosmontoya/DemoFlow/index.html: {}
