2025-05-08 01:07:36.494 [info] [main] Log level: Info
2025-05-08 01:07:36.494 [info] [main] Validating found git in: "git"
2025-05-08 01:07:36.494 [info] [main] Using git "2.43.0" from "git"
2025-05-08 01:07:36.494 [info] [Model][doInitialScan] Initial repository scan started
2025-05-08 01:07:36.494 [info] > git rev-parse --show-toplevel [5ms]
2025-05-08 01:07:36.496 [info] > git rev-parse --git-dir --git-common-dir [3ms]
2025-05-08 01:07:36.512 [info] [Model][openRepository] Opened repository: /home/anthonyramosmontoya
2025-05-08 01:07:36.526 [info] > git config --get commit.template [5ms]
2025-05-08 01:07:36.528 [info] > git rev-parse --show-toplevel [4ms]
2025-05-08 01:07:36.538 [info] > git for-each-ref --format=%(refname)%00%(upstream:short)%00%(objectname)%00%(upstream:track)%00%(upstream:remotename)%00%(upstream:remoteref) refs/heads/develop refs/remotes/develop [6ms]
2025-05-08 01:07:36.540 [info] > git rev-parse --show-toplevel [3ms]
2025-05-08 01:07:36.561 [info] > git rev-parse --show-toplevel [15ms]
2025-05-08 01:07:36.562 [info] > git for-each-ref --sort -committerdate --format %(refname) %(objectname) %(*objectname) [5ms]
2025-05-08 01:07:36.570 [info] > git status -z -uall [22ms]
2025-05-08 01:07:38.750 [info] > git for-each-ref --format=%(refname)%00%(upstream:short)%00%(objectname)%00%(upstream:track)%00%(upstream:remotename)%00%(upstream:remoteref) refs/heads/develop refs/remotes/develop [2161ms]
2025-05-08 01:07:38.756 [info] > git rev-parse --show-toplevel [2189ms]
2025-05-08 01:07:38.848 [info] > git config --local branch.develop.vscode-merge-base [92ms]
2025-05-08 01:07:38.855 [info] > git config --get commit.template [136ms]
2025-05-08 01:07:38.858 [info] > git rev-parse --show-toplevel [12ms]
2025-05-08 01:07:38.883 [info] > git for-each-ref --format=%(refname)%00%(upstream:short)%00%(objectname)%00%(upstream:track)%00%(upstream:remotename)%00%(upstream:remoteref) refs/heads/origin/main refs/remotes/origin/main [29ms]
2025-05-08 01:07:38.894 [info] > git rev-parse --show-toplevel [14ms]
2025-05-08 01:07:38.894 [info] > git for-each-ref --format=%(refname)%00%(upstream:short)%00%(objectname)%00%(upstream:track)%00%(upstream:remotename)%00%(upstream:remoteref) refs/heads/develop refs/remotes/develop [27ms]
2025-05-08 01:07:38.914 [info] > git merge-base refs/heads/develop refs/remotes/origin/develop [24ms]
2025-05-08 01:07:38.939 [info] > git rev-parse --show-toplevel [27ms]
2025-05-08 01:07:38.940 [info] > git diff --name-status -z --diff-filter=ADMR fd75ca76000c2f2bbdf9edcbaff1a585d82290e1...refs/remotes/origin/develop [21ms]
2025-05-08 01:07:38.968 [info] > git rev-parse --show-toplevel [20ms]
2025-05-08 01:07:38.986 [info] > git for-each-ref --sort -committerdate --format %(refname) %(objectname) %(*objectname) [21ms]
2025-05-08 01:07:38.991 [info] > git status -z -uall [37ms]
2025-05-08 01:07:38.991 [info] > git rev-parse --show-toplevel [7ms]
2025-05-08 01:07:38.992 [info] [Model][doInitialScan] Initial repository scan completed - repositories (1), closed repositories (0), parent repositories (0), unsafe repositories (0)
2025-05-08 01:07:39.283 [info] > git check-ignore -v -z --stdin [3ms]
2025-05-08 01:07:44.634 [info] > git show --textconv :DemoFlow/index.html [61ms]
2025-05-08 01:07:44.635 [info] > git ls-files --stage -- /home/anthonyramosmontoya/DemoFlow/index.html [41ms]
2025-05-08 01:07:44.736 [info] > git cat-file -s d01f779ffe857c350a556704ae244cec10844ce0 [90ms]
2025-05-08 01:07:47.798 [info] > git config --get commit.template [171ms]
2025-05-08 01:07:47.942 [info] > git for-each-ref --format=%(refname)%00%(upstream:short)%00%(objectname)%00%(upstream:track)%00%(upstream:remotename)%00%(upstream:remoteref) refs/heads/develop refs/remotes/develop [105ms]
2025-05-08 01:07:48.073 [info] > git status -z -uall [86ms]
2025-05-08 01:07:48.089 [info] > git for-each-ref --sort -committerdate --format %(refname) %(objectname) %(*objectname) [66ms]
2025-05-08 01:07:53.663 [info] > git config --get commit.template [4ms]
2025-05-08 01:07:53.755 [info] > git for-each-ref --format=%(refname)%00%(upstream:short)%00%(objectname)%00%(upstream:track)%00%(upstream:remotename)%00%(upstream:remoteref) refs/heads/develop refs/remotes/develop [27ms]
2025-05-08 01:07:53.897 [info] > git status -z -uall [45ms]
2025-05-08 01:07:53.911 [info] > git for-each-ref --sort -committerdate --format %(refname) %(objectname) %(*objectname) [22ms]
2025-05-08 01:07:59.425 [info] > git config --get commit.template [15ms]
2025-05-08 01:07:59.488 [info] > git for-each-ref --format=%(refname)%00%(upstream:short)%00%(objectname)%00%(upstream:track)%00%(upstream:remotename)%00%(upstream:remoteref) refs/heads/develop refs/remotes/develop [34ms]
2025-05-08 01:07:59.583 [info] > git for-each-ref --sort -committerdate --format %(refname) %(objectname) %(*objectname) [18ms]
2025-05-08 01:07:59.595 [info] > git status -z -uall [60ms]
2025-05-08 01:08:13.092 [info] > git show --textconv :DemoFlow/contacto.html [13ms]
2025-05-08 01:08:13.094 [info] > git ls-files --stage -- /home/anthonyramosmontoya/DemoFlow/contacto.html [3ms]
2025-05-08 01:08:13.111 [info] > git cat-file -s e69de29bb2d1d6434b8b29ae775ad8c2e48c5391 [4ms]
2025-05-08 01:08:44.862 [info] > git config --get commit.template [39ms]
2025-05-08 01:08:44.887 [info] > git for-each-ref --format=%(refname)%00%(upstream:short)%00%(objectname)%00%(upstream:track)%00%(upstream:remotename)%00%(upstream:remoteref) refs/heads/develop refs/remotes/develop [10ms]
2025-05-08 01:08:44.915 [info] > git status -z -uall [18ms]
2025-05-08 01:08:44.920 [info] > git for-each-ref --sort -committerdate --format %(refname) %(objectname) %(*objectname) [10ms]
2025-05-08 01:09:23.382 [info] > git ls-files --stage -- /home/anthonyramosmontoya/DemoFlow/contacto.html [3ms]
2025-05-08 01:09:23.393 [info] > git cat-file -s e69de29bb2d1d6434b8b29ae775ad8c2e48c5391 [2ms]
2025-05-08 01:09:23.543 [info] > git show --textconv :DemoFlow/contacto.html [3ms]
2025-05-08 01:10:31.376 [info] > git config --get commit.template [21ms]
2025-05-08 01:10:31.380 [info] > git for-each-ref --format=%(refname)%00%(upstream:short)%00%(objectname)%00%(upstream:track)%00%(upstream:remotename)%00%(upstream:remoteref) refs/heads/develop refs/remotes/develop [8ms]
2025-05-08 01:10:31.409 [info] > git status -z -uall [20ms]
2025-05-08 01:10:31.412 [info] > git for-each-ref --sort -committerdate --format %(refname) %(objectname) %(*objectname) [6ms]
