Initializing document watcher...
Document watcher initialized
anthonyramosmontoya/DemoFlow/index.html: {}
anthonyramosmontoya/DemoFlow/contacto.html: {}
anthonyramosmontoya/DemoFlow/contacto.html: Using EditorConfig core...
anthonyramosmontoya/DemoFlow/contacto.html: Using EditorConfig core...
anthonyramosmontoya/DemoFlow/contacto.html: Using EditorConfig core...
anthonyramosmontoya/DemoFlow/contacto.html: Using EditorConfig core...
anthonyramosmontoya/DemoFlow/contacto.html: Using EditorConfig core...
anthonyramosmontoya/DemoFlow/contacto.html: {}
anthonyramosmontoya/DemoFlow/contacto.html: Using EditorConfig core...
anthonyramosmontoya/DemoFlow/contacto.html: Using EditorConfig core...
anthonyramosmontoya/DemoFlow/contacto.html: Using EditorConfig core...
anthonyramosmontoya/DemoFlow/contacto.html: Using EditorConfig core...
anthonyramosmontoya/DemoFlow/contacto.html: Using EditorConfig core...
anthonyramosmontoya/DemoFlow/contacto.html: Using EditorConfig core...
anthonyramosmontoya/DemoFlow/contacto.html: Using EditorConfig core...
anthonyramosmontoya/DemoFlow/contacto.html: Using EditorConfig core...
anthonyramosmontoya/DemoFlow/contacto.html: Using EditorConfig core...
anthonyramosmontoya/DemoFlow/contacto.html: Using EditorConfig core...
anthonyramosmontoya/DemoFlow/contacto.html: Using EditorConfig core...
anthonyramosmontoya/DemoFlow/contacto.html: Using EditorConfig core...
